
Allocating common symbols
Common symbol       size              file

kernel_heap_limit   0x4               build/kheap.o
kmain_process       0x60              build/sched.o
kernel_heap_top     0x4               build/kheap.o
nprocess            0x4               build/sched.o
current_process     0x4               build/sched.o
uart_error          0x4               build/uart.o

Memory Configuration

Name             Origin             Length             Attributes
RAM              0x0000000000008000 0x000000001fff8000
PERIPHERALS      0x0000000020000000 0x0000000000ffffff
*default*        0x0000000000000000 0xffffffffffffffff

Linker script and memory map

LOAD build/asm_tools.o
LOAD build/hw.o
LOAD build/init.o
LOAD build/kernel.o
LOAD build/kheap.o
LOAD build/sched.o
LOAD build/syscall.o
LOAD build/uart.o
LOAD build/util.o
LOAD build/kmain.o
                0x0000000000000200                SVC_STACK_SIZE = 0x200
                0x0000000000000200                FIQ_STACK_SIZE = 0x200
                0x0000000000000200                IRQ_STACK_SIZE = 0x200
                0x0000000000008000                . = 0x8000
                0x0000000000008000                __start = .
                0x0000000000008000                __text_start = .

.text           0x0000000000008000     0x1254
 build/init.o(.text*)
 .text          0x0000000000008000       0x10 build/init.o
                0x0000000000008000                CORE0_READY
                0x0000000000008004                CORE1_READY
                0x0000000000008008                CORE2_READY
                0x000000000000800c                CORE3_READY
 .text.boot     0x0000000000008010      0x248 build/init.o
                0x0000000000008010                _start
 *(.text.boot)
 *(.text)
 .text          0x0000000000008258       0x48 build/asm_tools.o
                0x0000000000008258                Set32
                0x0000000000008260                Get32
                0x0000000000008268                delay
                0x000000000000827c                memory_barrier
                0x0000000000008294                invalidate_cache
 .text          0x00000000000082a0      0x210 build/hw.o
                0x00000000000082a0                divide
                0x00000000000082f0                get_date_ms
                0x00000000000082fc                set_date_ms
                0x0000000000008334                set_next_tick
                0x0000000000008364                set_next_tick_default
                0x0000000000008390                timer_init
                0x00000000000083bc                led_on
                0x00000000000083e8                led_off
                0x0000000000008414                led_switch
                0x0000000000008434                led_status
                0x0000000000008444                led_init
                0x000000000000845c                led_blink
                0x0000000000008478                hw_init
                0x0000000000008488                terminate_kernel
 .text          0x00000000000084b0      0x110 build/kernel.o
                0x00000000000084b0                kernel_init
 .text          0x00000000000085c0      0x27c build/kheap.o
                0x00000000000085c0                aligned_value
                0x00000000000085dc                kAlloc
                0x00000000000086a0                kFree
                0x00000000000086d4                kAlloc_aligned
                0x00000000000087f4                kheap_init
 .text          0x000000000000883c      0x42c build/sched.o
                0x000000000000883c                sched_init
                0x0000000000008894                sys_yieldto
                0x00000000000088a8                do_sys_yieldto
                0x000000000000895c                sys_yield
                0x000000000000896c                context_to_pcb
                0x00000000000089d4                pcb_to_context
                0x0000000000008a44                sys_exit
                0x0000000000008a58                start_current_process
                0x0000000000008a8c                free_pcb
                0x0000000000008a94                elect
                0x0000000000008af8                do_sys_yield
                0x0000000000008b14                do_sys_exit
                0x0000000000008b58                create_process
                0x0000000000008c54                irq_handler
 .text          0x0000000000008c68      0x138 build/syscall.o
                0x0000000000008c68                sys_reboot
                0x0000000000008c78                do_sys_reboot
                0x0000000000008c80                sys_nop
                0x0000000000008c90                do_sys_nop
                0x0000000000008c94                sys_settime
                0x0000000000008cb4                do_sys_settime
                0x0000000000008cd8                sys_gettime
                0x0000000000008d00                do_sys_gettime
                0x0000000000008d18                swi_handler
 .text          0x0000000000008da0      0x3d4 build/uart.o
                0x0000000000008da0                uart_init
                0x0000000000008e58                uart_send_str
                0x0000000000008ec0                uart_send_int
                0x0000000000008fe0                uart_receive_str
                0x0000000000009048                uart_receive_int
                0x0000000000009154                uart_is_receive_fifo_empty
 .text          0x0000000000009174        0x4 build/util.o
                0x0000000000009174                kernel_panic
 .text          0x0000000000009178       0xdc build/kmain.o
                0x0000000000009178                uart_putc
                0x00000000000091ac                uart_getc
                0x00000000000091dc                uart_puts
                0x0000000000009204                kmain

.glue_7         0x0000000000009254        0x0
 .glue_7        0x0000000000009254        0x0 linker stubs

.glue_7t        0x0000000000009254        0x0
 .glue_7t       0x0000000000009254        0x0 linker stubs

.vfp11_veneer   0x0000000000009254        0x0
 .vfp11_veneer  0x0000000000009254        0x0 linker stubs

.v4_bx          0x0000000000009254        0x0
 .v4_bx         0x0000000000009254        0x0 linker stubs

.iplt           0x0000000000009254        0x0
 .iplt          0x0000000000009254        0x0 build/asm_tools.o
                0x000000000000a000                . = ALIGN (0x1000)
                0x000000000000a000                __text_end = .
                0x000000000000a000                __rodata_start = .

.rodata         0x0000000000009254       0x28
 *(.rodata)
 .rodata        0x0000000000009254       0x28 build/uart.o

.rodata.str1.4  0x000000000000927c       0x88
 .rodata.str1.4
                0x000000000000927c       0x15 build/hw.o
 *fill*         0x0000000000009291        0x3 
 .rodata.str1.4
                0x0000000000009294       0x31 build/kernel.o
                                         0x39 (size before relaxing)
 *fill*         0x00000000000092c5        0x3 
 .rodata.str1.4
                0x00000000000092c8       0x1c build/sched.o
                                         0x26 (size before relaxing)
 .rodata.str1.4
                0x00000000000092e4        0xe build/syscall.o
 *fill*         0x00000000000092f2        0x2 
 .rodata.str1.4
                0x00000000000092f4       0x10 build/kmain.o
                                         0x1a (size before relaxing)

.rel.dyn        0x0000000000009304        0x0
 .rel.iplt      0x0000000000009304        0x0 build/asm_tools.o
 .rel.got       0x0000000000009304        0x0 build/asm_tools.o
                0x000000000000a000                . = ALIGN (0x1000)
                0x000000000000a000                __rodata_end = .
                0x000000000000a000                __data_start = .

.data           0x0000000000009304        0x0 load address 0x000000000000a000
 *(.data)
 .data          0x0000000000009304        0x0 build/asm_tools.o
 .data          0x0000000000009304        0x0 build/hw.o
 .data          0x0000000000009304        0x0 build/init.o
 .data          0x0000000000009304        0x0 build/kernel.o
 .data          0x0000000000009304        0x0 build/kheap.o
 .data          0x0000000000009304        0x0 build/sched.o
 .data          0x0000000000009304        0x0 build/syscall.o
 .data          0x0000000000009304        0x0 build/uart.o
 .data          0x0000000000009304        0x0 build/util.o
 .data          0x0000000000009304        0x0 build/kmain.o

.igot.plt       0x0000000000009304        0x0 load address 0x000000000000acfc
 .igot.plt      0x0000000000009304        0x0 build/asm_tools.o

.got            0x0000000000009304       0x38 load address 0x000000000000acfc
 .got           0x0000000000009304       0x38 build/asm_tools.o

.got.plt        0x000000000000933c        0xc load address 0x000000000000ad34
 .got.plt       0x000000000000933c        0xc build/asm_tools.o
                0x000000000000933c                _GLOBAL_OFFSET_TABLE_
                0x000000000000a000                . = ALIGN (0x1000)
                0x000000000000a000                __data_end = .
                0x000000000000a000                __bss_start = .

.bss            0x0000000000009348       0x7c load address 0x000000000000ad40
                0x0000000000009348                bss = .
 *(.bss)
 .bss           0x0000000000009348        0x0 build/asm_tools.o
 .bss           0x0000000000009348        0x4 build/hw.o
 .bss           0x000000000000934c        0x0 build/init.o
 .bss           0x000000000000934c        0x0 build/kernel.o
 .bss           0x000000000000934c        0x4 build/kheap.o
                0x000000000000934c                freelist
 .bss           0x0000000000009350        0x0 build/sched.o
 .bss           0x0000000000009350        0x0 build/syscall.o
 .bss           0x0000000000009350        0x0 build/uart.o
 .bss           0x0000000000009350        0x0 build/util.o
 .bss           0x0000000000009350        0x0 build/kmain.o
 COMMON         0x0000000000009350        0x8 build/kheap.o
                0x0000000000009350                kernel_heap_limit
                0x0000000000009354                kernel_heap_top
 COMMON         0x0000000000009358       0x68 build/sched.o
                0x0000000000009358                kmain_process
                0x00000000000093b8                nprocess
                0x00000000000093bc                current_process
 COMMON         0x00000000000093c0        0x4 build/uart.o
                0x00000000000093c0                uart_error
                0x000000000000a000                . = ALIGN (0x1000)
                0x000000000000a000                __bss_end = .
                0x000000000000a000                __end = .

.stack          0x00000000000093c4      0x600 load address 0x000000000000adbc
                0x00000000000093c4                __stack_core0_start__ = .
                0x00000000000095c4                . = (. + SVC_STACK_SIZE)
 *fill*         0x00000000000093c4      0x200 
                0x00000000000095c4                . = ALIGN (0x4)
                0x00000000000095c4                __svc_stack_core0__ = .
                0x00000000000097c4                . = (. + IRQ_STACK_SIZE)
 *fill*         0x00000000000095c4      0x200 
                0x00000000000097c4                . = ALIGN (0x4)
                0x00000000000097c4                __irq_stack_core0__ = .
                0x00000000000099c4                . = (. + FIQ_STACK_SIZE)
 *fill*         0x00000000000097c4      0x200 
                0x00000000000099c4                . = ALIGN (0x4)
                0x00000000000099c4                __fiq_stack_core0__ = .
                0x00000000000099c4                __stacks_core0_end__ = .

.stack_core1    0x00000000000099c4      0x600 load address 0x000000000000b3bc
                0x00000000000099c4                __stack_core1_start__ = .
                0x0000000000009bc4                . = (. + SVC_STACK_SIZE)
 *fill*         0x00000000000099c4      0x200 
                0x0000000000009bc4                . = ALIGN (0x4)
                0x0000000000009bc4                __svc_stack_core1__ = .
                0x0000000000009dc4                . = (. + IRQ_STACK_SIZE)
 *fill*         0x0000000000009bc4      0x200 
                0x0000000000009dc4                . = ALIGN (0x4)
                0x0000000000009dc4                __irq_stack_core1__ = .
                0x0000000000009fc4                . = (. + FIQ_STACK_SIZE)
 *fill*         0x0000000000009dc4      0x200 
                0x0000000000009fc4                . = ALIGN (0x4)
                0x0000000000009fc4                __fiq_stack_core1__ = .
                0x0000000000009fc4                __stacks_core1_end__ = .

.stack_core2    0x0000000000009fc4      0xc00 load address 0x000000000000b9bc
                0x0000000000009fc4                __stack_core2_start__ = .
                0x000000000000a1c4                . = (. + SVC_STACK_SIZE)
 *fill*         0x0000000000009fc4      0x200 
                0x000000000000a1c4                . = ALIGN (0x4)
                0x000000000000a1c4                __svc_stack_core2__ = .
                0x000000000000a3c4                . = (. + IRQ_STACK_SIZE)
 *fill*         0x000000000000a1c4      0x200 
                0x000000000000a3c4                . = ALIGN (0x4)
                0x000000000000a3c4                __irq_stack_core2__ = .
                0x000000000000a5c4                . = (. + FIQ_STACK_SIZE)
 *fill*         0x000000000000a3c4      0x200 
                0x000000000000a5c4                . = ALIGN (0x4)
                0x000000000000a5c4                __fiq_stack_core2__ = .
                0x000000000000a5c4                __stacks_core2_end__ = .
                0x000000000000a5c4                __stack_core3_start__ = .
                0x000000000000a7c4                . = (. + SVC_STACK_SIZE)
 *fill*         0x000000000000a5c4      0x200 
                0x000000000000a7c4                . = ALIGN (0x4)
                0x000000000000a7c4                __svc_stack_core3__ = .
                0x000000000000a9c4                . = (. + IRQ_STACK_SIZE)
 *fill*         0x000000000000a7c4      0x200 
                0x000000000000a9c4                . = ALIGN (0x4)
                0x000000000000a9c4                __irq_stack_core3__ = .
                0x000000000000abc4                . = (. + FIQ_STACK_SIZE)
 *fill*         0x000000000000a9c4      0x200 
                0x000000000000abc4                . = ALIGN (0x4)
                0x000000000000abc4                __fiq_stack_core3__ = .
                0x000000000000abc4                __stacks_core3_end__ = .
                0x000000000000b000                . = ALIGN (0x1000)
                0x000000000000b000                __kernel_heap_start__ = .
                0x0000000000ffffff                . = 0xffffff
                0x0000000000ffffff                __kernel_heap_end__ = .
                0x0000000001000000                . = ALIGN (0x1000)
                0x0000000001000000                __after_kernel_heap__ = .
                0x0000000020000000                . = 0x20000000

.devices        0x0000000020000000   0xffffff
                0x0000000020000000                __devices_start__ = .
                0x0000000020ffffff                . = (. + 0xffffff)
 *fill*         0x0000000020000000   0xffffff 
                0x0000000020ffffff                __devices_end__ = .
OUTPUT(build/kernel.elf elf32-littlearm)

.ARM.attributes
                0x0000000000000000       0x37
 .ARM.attributes
                0x0000000000000000       0x29 build/asm_tools.o
 .ARM.attributes
                0x0000000000000029       0x3b build/hw.o
 .ARM.attributes
                0x0000000000000064       0x29 build/init.o
 .ARM.attributes
                0x000000000000008d       0x3b build/kernel.o
 .ARM.attributes
                0x00000000000000c8       0x3b build/kheap.o
 .ARM.attributes
                0x0000000000000103       0x3b build/sched.o
 .ARM.attributes
                0x000000000000013e       0x3b build/syscall.o
 .ARM.attributes
                0x0000000000000179       0x3b build/uart.o
 .ARM.attributes
                0x00000000000001b4       0x3b build/util.o
 .ARM.attributes
                0x00000000000001ef       0x3b build/kmain.o

.comment        0x0000000000000000       0x7e
 .comment       0x0000000000000000       0x7e build/hw.o
                                         0x7f (size before relaxing)
 .comment       0x000000000000007e       0x7f build/kernel.o
 .comment       0x000000000000007e       0x7f build/kheap.o
 .comment       0x000000000000007e       0x7f build/sched.o
 .comment       0x000000000000007e       0x7f build/syscall.o
 .comment       0x000000000000007e       0x7f build/uart.o
 .comment       0x000000000000007e       0x7f build/util.o
 .comment       0x000000000000007e       0x7f build/kmain.o

.debug_line     0x0000000000000000      0x9a4
 .debug_line    0x0000000000000000       0x4e build/asm_tools.o
 .debug_line    0x000000000000004e      0x10d build/hw.o
 .debug_line    0x000000000000015b       0xcf build/init.o
 .debug_line    0x000000000000022a       0xd9 build/kernel.o
 .debug_line    0x0000000000000303      0x149 build/kheap.o
 .debug_line    0x000000000000044c      0x1c3 build/sched.o
 .debug_line    0x000000000000060f      0x122 build/syscall.o
 .debug_line    0x0000000000000731      0x132 build/uart.o
 .debug_line    0x0000000000000863       0x38 build/util.o
 .debug_line    0x000000000000089b      0x109 build/kmain.o

.debug_info     0x0000000000000000     0x1b39
 .debug_info    0x0000000000000000       0x26 build/asm_tools.o
 .debug_info    0x0000000000000026      0x3bd build/hw.o
 .debug_info    0x00000000000003e3       0x26 build/init.o
 .debug_info    0x0000000000000409      0x231 build/kernel.o
 .debug_info    0x000000000000063a      0x356 build/kheap.o
 .debug_info    0x0000000000000990      0x5bb build/sched.o
 .debug_info    0x0000000000000f4b      0x425 build/syscall.o
 .debug_info    0x0000000000001370      0x4a8 build/uart.o
 .debug_info    0x0000000000001818       0xa9 build/util.o
 .debug_info    0x00000000000018c1      0x278 build/kmain.o

.debug_abbrev   0x0000000000000000      0xb02
 .debug_abbrev  0x0000000000000000       0x14 build/asm_tools.o
 .debug_abbrev  0x0000000000000014      0x1ab build/hw.o
 .debug_abbrev  0x00000000000001bf       0x14 build/init.o
 .debug_abbrev  0x00000000000001d3       0xa3 build/kernel.o
 .debug_abbrev  0x0000000000000276      0x183 build/kheap.o
 .debug_abbrev  0x00000000000003f9      0x1ed build/sched.o
 .debug_abbrev  0x00000000000005e6      0x1b2 build/syscall.o
 .debug_abbrev  0x0000000000000798      0x200 build/uart.o
 .debug_abbrev  0x0000000000000998       0x5c build/util.o
 .debug_abbrev  0x00000000000009f4      0x10e build/kmain.o

.debug_aranges  0x0000000000000000      0x140
 .debug_aranges
                0x0000000000000000       0x20 build/asm_tools.o
 .debug_aranges
                0x0000000000000020       0x20 build/hw.o
 .debug_aranges
                0x0000000000000040       0x20 build/init.o
 .debug_aranges
                0x0000000000000060       0x20 build/kernel.o
 .debug_aranges
                0x0000000000000080       0x20 build/kheap.o
 .debug_aranges
                0x00000000000000a0       0x20 build/sched.o
 .debug_aranges
                0x00000000000000c0       0x20 build/syscall.o
 .debug_aranges
                0x00000000000000e0       0x20 build/uart.o
 .debug_aranges
                0x0000000000000100       0x20 build/util.o
 .debug_aranges
                0x0000000000000120       0x20 build/kmain.o

.debug_str      0x0000000000000000      0x70c
 .debug_str     0x0000000000000000       0x4d build/asm_tools.o
 .debug_str     0x000000000000004d      0x22e build/hw.o
                                        0x298 (size before relaxing)
 .debug_str     0x000000000000027b        0xb build/init.o
                                         0x48 (size before relaxing)
 .debug_str     0x0000000000000286       0xc0 build/kernel.o
                                        0x23f (size before relaxing)
 .debug_str     0x0000000000000346      0x10e build/kheap.o
                                        0x295 (size before relaxing)
 .debug_str     0x0000000000000454      0x16c build/sched.o
                                        0x412 (size before relaxing)
 .debug_str     0x00000000000005c0       0x69 build/syscall.o
                                        0x309 (size before relaxing)
 .debug_str     0x0000000000000629       0x97 build/uart.o
                                        0x226 (size before relaxing)
 .debug_str     0x00000000000006c0       0x19 build/util.o
                                        0x178 (size before relaxing)
 .debug_str     0x00000000000006d9       0x33 build/kmain.o
                                        0x27b (size before relaxing)

.debug_loc      0x0000000000000000      0xc12
 .debug_loc     0x0000000000000000      0x182 build/hw.o
 .debug_loc     0x0000000000000182      0x2ef build/kheap.o
 .debug_loc     0x0000000000000471      0x11a build/sched.o
 .debug_loc     0x000000000000058b      0x1c4 build/syscall.o
 .debug_loc     0x000000000000074f      0x415 build/uart.o
 .debug_loc     0x0000000000000b64       0xae build/kmain.o

.debug_frame    0x0000000000000000      0x590
 .debug_frame   0x0000000000000000      0x154 build/hw.o
 .debug_frame   0x0000000000000154       0x34 build/kernel.o
 .debug_frame   0x0000000000000188       0x84 build/kheap.o
 .debug_frame   0x000000000000020c      0x14c build/sched.o
 .debug_frame   0x0000000000000358       0xb4 build/syscall.o
 .debug_frame   0x000000000000040c       0xe4 build/uart.o
 .debug_frame   0x00000000000004f0       0x20 build/util.o
 .debug_frame   0x0000000000000510       0x80 build/kmain.o

.debug_ranges   0x0000000000000000       0x80
 .debug_ranges  0x0000000000000000       0x18 build/kheap.o
 .debug_ranges  0x0000000000000018       0x18 build/sched.o
 .debug_ranges  0x0000000000000030       0x50 build/uart.o
