
Allocating common symbols
Common symbol       size              file

kernel_heap_limit   0x4               build/kheap.o
kmain_process       0x60              build/sched.o
kernel_heap_top     0x4               build/kheap.o
nprocess            0x4               build/sched.o
current_process     0x4               build/sched.o
uart_error          0x4               build/uart.o

Memory Configuration

Name             Origin             Length             Attributes
RAM              0x0000000000008000 0x000000001fff8000
PERIPHERALS      0x0000000020000000 0x0000000000ffffff
*default*        0x0000000000000000 0xffffffffffffffff

Linker script and memory map

LOAD build/asm_tools.o
LOAD build/hw.o
LOAD build/init.o
LOAD build/kernel.o
LOAD build/kheap.o
LOAD build/sched.o
LOAD build/syscall.o
LOAD build/uart.o
LOAD build/util.o
LOAD build/kmain.o
                0x0000000000000200                SVC_STACK_SIZE = 0x200
                0x0000000000000200                FIQ_STACK_SIZE = 0x200
                0x0000000000000200                IRQ_STACK_SIZE = 0x200
                0x0000000000008000                . = 0x8000
                0x0000000000008000                __start = .
                0x0000000000008000                __text_start = .

.text           0x0000000000008000     0x1e10
 build/init.o(.text*)
 .text          0x0000000000008000       0x10 build/init.o
                0x0000000000008000                CORE0_READY
                0x0000000000008004                CORE1_READY
                0x0000000000008008                CORE2_READY
                0x000000000000800c                CORE3_READY
 .text.boot     0x0000000000008010      0x24c build/init.o
                0x0000000000008010                _start
 *(.text.boot)
 *(.text)
 .text          0x000000000000825c       0x48 build/asm_tools.o
                0x000000000000825c                Set32
                0x0000000000008264                Get32
                0x000000000000826c                delay
                0x0000000000008280                memory_barrier
                0x0000000000008298                invalidate_cache
 .text          0x00000000000082a4      0x40c build/hw.o
                0x00000000000082a4                divide
                0x000000000000831c                get_date_ms
                0x0000000000008340                set_date_ms
                0x00000000000083e8                set_next_tick
                0x0000000000008444                set_next_tick_default
                0x0000000000008494                timer_init
                0x00000000000084c4                led_on
                0x0000000000008508                led_off
                0x000000000000854c                led_switch
                0x0000000000008580                led_status
                0x0000000000008598                led_init
                0x00000000000085d0                led_blink
                0x0000000000008668                hw_init
                0x000000000000867c                terminate_kernel
 .text          0x00000000000086b0      0x19c build/kernel.o
                0x00000000000086b0                kernel_init
 .text          0x000000000000884c      0x3f4 build/kheap.o
                0x000000000000884c                aligned_value
                0x0000000000008898                kAlloc_aligned
                0x0000000000008a7c                kAlloc
                0x0000000000008b94                kFree
                0x0000000000008bf4                kheap_init
 .text          0x0000000000008c40      0x75c build/sched.o
                0x0000000000008c40                sched_init
                0x0000000000008ce0                sys_yieldto
                0x0000000000008d08                do_sys_yieldto
                0x0000000000008e6c                elect
                0x0000000000008f2c                sys_yield
                0x0000000000008f40                do_sys_yield
                0x0000000000008f6c                context_to_pcb
                0x000000000000902c                pcb_to_context
                0x00000000000090fc                sys_exit
                0x0000000000009128                do_sys_exit
                0x0000000000009190                free_pcb
                0x00000000000091b4                start_current_process
                0x00000000000091ec                create_process
                0x0000000000009384                irq_handler
 .text          0x000000000000939c      0x270 build/syscall.o
                0x000000000000939c                sys_reboot
                0x00000000000093b0                do_sys_reboot
                0x00000000000093bc                sys_nop
                0x00000000000093d0                do_sys_nop
                0x00000000000093d8                sys_settime
                0x000000000000942c                do_sys_settime
                0x0000000000009498                sys_gettime
                0x00000000000094f8                do_sys_gettime
                0x000000000000955c                swi_handler
 .text          0x000000000000960c      0x608 build/uart.o
                0x000000000000960c                uart_init
                0x00000000000096c8                uart_send_str
                0x0000000000009764                uart_send_int
                0x0000000000009940                uart_receive_str
                0x0000000000009a1c                uart_receive_int
                0x0000000000009be0                uart_is_receive_fifo_empty
 .text          0x0000000000009c14       0x50 build/util.o
                0x0000000000009c14                kernel_panic
 .text          0x0000000000009c64      0x1ac build/kmain.o
                0x0000000000009c64                uart_putc
                0x0000000000009cb4                uart_getc
                0x0000000000009cf4                uart_puts
                0x0000000000009d54                kmain

.glue_7         0x0000000000009e10        0x0
 .glue_7        0x0000000000009e10        0x0 linker stubs

.glue_7t        0x0000000000009e10        0x0
 .glue_7t       0x0000000000009e10        0x0 linker stubs

.vfp11_veneer   0x0000000000009e10        0x0
 .vfp11_veneer  0x0000000000009e10        0x0 linker stubs

.v4_bx          0x0000000000009e10        0x0
 .v4_bx         0x0000000000009e10        0x0 linker stubs

.iplt           0x0000000000009e10        0x0
 .iplt          0x0000000000009e10        0x0 build/asm_tools.o
                0x000000000000a000                . = ALIGN (0x1000)
                0x000000000000a000                __text_end = .
                0x000000000000a000                __rodata_start = .

.rodata         0x0000000000009e10       0xf5
 *(.rodata)
 .rodata        0x0000000000009e10       0x15 build/hw.o
 *fill*         0x0000000000009e25        0x3 
 .rodata        0x0000000000009e28       0x39 build/kernel.o
 *fill*         0x0000000000009e61        0x3 
 .rodata        0x0000000000009e64       0x26 build/sched.o
 *fill*         0x0000000000009e8a        0x2 
 .rodata        0x0000000000009e8c        0xe build/syscall.o
 *fill*         0x0000000000009e9a        0x2 
 .rodata        0x0000000000009e9c       0x28 build/uart.o
 .rodata        0x0000000000009ec4       0x1a build/util.o
 *fill*         0x0000000000009ede        0x2 
 .rodata        0x0000000000009ee0       0x25 build/kmain.o

.rel.dyn        0x0000000000009f08        0x0
 .rel.iplt      0x0000000000009f08        0x0 build/asm_tools.o
 .rel.got       0x0000000000009f08        0x0 build/asm_tools.o
                0x000000000000a000                . = ALIGN (0x1000)
                0x000000000000a000                __rodata_end = .
                0x000000000000a000                __data_start = .

.data           0x0000000000009f05        0x0 load address 0x000000000000a000
 *(.data)
 .data          0x0000000000009f05        0x0 build/asm_tools.o
 .data          0x0000000000009f05        0x0 build/hw.o
 .data          0x0000000000009f05        0x0 build/init.o
 .data          0x0000000000009f05        0x0 build/kernel.o
 .data          0x0000000000009f05        0x0 build/kheap.o
 .data          0x0000000000009f05        0x0 build/sched.o
 .data          0x0000000000009f05        0x0 build/syscall.o
 .data          0x0000000000009f05        0x0 build/uart.o
 .data          0x0000000000009f05        0x0 build/util.o
 .data          0x0000000000009f05        0x0 build/kmain.o

.igot.plt       0x0000000000009f08        0x0 load address 0x000000000000a0fc
 .igot.plt      0x0000000000009f08        0x0 build/asm_tools.o

.got            0x0000000000009f08       0x38 load address 0x000000000000a0fc
 .got           0x0000000000009f08       0x38 build/asm_tools.o

.got.plt        0x0000000000009f40        0xc load address 0x000000000000a134
 .got.plt       0x0000000000009f40        0xc build/asm_tools.o
                0x0000000000009f40                _GLOBAL_OFFSET_TABLE_
                0x000000000000a000                . = ALIGN (0x1000)
                0x000000000000a000                __data_end = .
                0x000000000000a000                __bss_start = .

.bss            0x0000000000009f4c       0x7c load address 0x000000000000a140
                0x0000000000009f4c                bss = .
 *(.bss)
 .bss           0x0000000000009f4c        0x0 build/asm_tools.o
 .bss           0x0000000000009f4c        0x4 build/hw.o
 .bss           0x0000000000009f50        0x0 build/init.o
 .bss           0x0000000000009f50        0x0 build/kernel.o
 .bss           0x0000000000009f50        0x4 build/kheap.o
                0x0000000000009f50                freelist
 .bss           0x0000000000009f54        0x0 build/sched.o
 .bss           0x0000000000009f54        0x0 build/syscall.o
 .bss           0x0000000000009f54        0x0 build/uart.o
 .bss           0x0000000000009f54        0x0 build/util.o
 .bss           0x0000000000009f54        0x0 build/kmain.o
 COMMON         0x0000000000009f54        0x8 build/kheap.o
                0x0000000000009f54                kernel_heap_limit
                0x0000000000009f58                kernel_heap_top
 COMMON         0x0000000000009f5c       0x68 build/sched.o
                0x0000000000009f5c                kmain_process
                0x0000000000009fbc                nprocess
                0x0000000000009fc0                current_process
 COMMON         0x0000000000009fc4        0x4 build/uart.o
                0x0000000000009fc4                uart_error
                0x000000000000a000                . = ALIGN (0x1000)
                0x000000000000a000                __bss_end = .
                0x000000000000a000                __end = .

.stack          0x0000000000009fc8      0x600 load address 0x000000000000a1bc
                0x0000000000009fc8                __stack_core0_start__ = .
                0x000000000000a1c8                . = (. + SVC_STACK_SIZE)
 *fill*         0x0000000000009fc8      0x200 
                0x000000000000a1c8                . = ALIGN (0x4)
                0x000000000000a1c8                __svc_stack_core0__ = .
                0x000000000000a3c8                . = (. + IRQ_STACK_SIZE)
 *fill*         0x000000000000a1c8      0x200 
                0x000000000000a3c8                . = ALIGN (0x4)
                0x000000000000a3c8                __irq_stack_core0__ = .
                0x000000000000a5c8                . = (. + FIQ_STACK_SIZE)
 *fill*         0x000000000000a3c8      0x200 
                0x000000000000a5c8                . = ALIGN (0x4)
                0x000000000000a5c8                __fiq_stack_core0__ = .
                0x000000000000a5c8                __stacks_core0_end__ = .

.stack_core1    0x000000000000a5c8      0x600 load address 0x000000000000a7bc
                0x000000000000a5c8                __stack_core1_start__ = .
                0x000000000000a7c8                . = (. + SVC_STACK_SIZE)
 *fill*         0x000000000000a5c8      0x200 
                0x000000000000a7c8                . = ALIGN (0x4)
                0x000000000000a7c8                __svc_stack_core1__ = .
                0x000000000000a9c8                . = (. + IRQ_STACK_SIZE)
 *fill*         0x000000000000a7c8      0x200 
                0x000000000000a9c8                . = ALIGN (0x4)
                0x000000000000a9c8                __irq_stack_core1__ = .
                0x000000000000abc8                . = (. + FIQ_STACK_SIZE)
 *fill*         0x000000000000a9c8      0x200 
                0x000000000000abc8                . = ALIGN (0x4)
                0x000000000000abc8                __fiq_stack_core1__ = .
                0x000000000000abc8                __stacks_core1_end__ = .

.stack_core2    0x000000000000abc8      0xc00 load address 0x000000000000adbc
                0x000000000000abc8                __stack_core2_start__ = .
                0x000000000000adc8                . = (. + SVC_STACK_SIZE)
 *fill*         0x000000000000abc8      0x200 
                0x000000000000adc8                . = ALIGN (0x4)
                0x000000000000adc8                __svc_stack_core2__ = .
                0x000000000000afc8                . = (. + IRQ_STACK_SIZE)
 *fill*         0x000000000000adc8      0x200 
                0x000000000000afc8                . = ALIGN (0x4)
                0x000000000000afc8                __irq_stack_core2__ = .
                0x000000000000b1c8                . = (. + FIQ_STACK_SIZE)
 *fill*         0x000000000000afc8      0x200 
                0x000000000000b1c8                . = ALIGN (0x4)
                0x000000000000b1c8                __fiq_stack_core2__ = .
                0x000000000000b1c8                __stacks_core2_end__ = .
                0x000000000000b1c8                __stack_core3_start__ = .
                0x000000000000b3c8                . = (. + SVC_STACK_SIZE)
 *fill*         0x000000000000b1c8      0x200 
                0x000000000000b3c8                . = ALIGN (0x4)
                0x000000000000b3c8                __svc_stack_core3__ = .
                0x000000000000b5c8                . = (. + IRQ_STACK_SIZE)
 *fill*         0x000000000000b3c8      0x200 
                0x000000000000b5c8                . = ALIGN (0x4)
                0x000000000000b5c8                __irq_stack_core3__ = .
                0x000000000000b7c8                . = (. + FIQ_STACK_SIZE)
 *fill*         0x000000000000b5c8      0x200 
                0x000000000000b7c8                . = ALIGN (0x4)
                0x000000000000b7c8                __fiq_stack_core3__ = .
                0x000000000000b7c8                __stacks_core3_end__ = .
                0x000000000000c000                . = ALIGN (0x1000)
                0x000000000000c000                __kernel_heap_start__ = .
                0x0000000000ffffff                . = 0xffffff
                0x0000000000ffffff                __kernel_heap_end__ = .
                0x0000000001000000                . = ALIGN (0x1000)
                0x0000000001000000                __after_kernel_heap__ = .
                0x0000000020000000                . = 0x20000000

.devices        0x0000000020000000   0xffffff
                0x0000000020000000                __devices_start__ = .
                0x0000000020ffffff                . = (. + 0xffffff)
 *fill*         0x0000000020000000   0xffffff 
                0x0000000020ffffff                __devices_end__ = .
OUTPUT(build/kernel.elf elf32-littlearm)

.ARM.attributes
                0x0000000000000000       0x37
 .ARM.attributes
                0x0000000000000000       0x29 build/asm_tools.o
 .ARM.attributes
                0x0000000000000029       0x3b build/hw.o
 .ARM.attributes
                0x0000000000000064       0x29 build/init.o
 .ARM.attributes
                0x000000000000008d       0x3b build/kernel.o
 .ARM.attributes
                0x00000000000000c8       0x3b build/kheap.o
 .ARM.attributes
                0x0000000000000103       0x3b build/sched.o
 .ARM.attributes
                0x000000000000013e       0x3b build/syscall.o
 .ARM.attributes
                0x0000000000000179       0x3b build/uart.o
 .ARM.attributes
                0x00000000000001b4       0x3b build/util.o
 .ARM.attributes
                0x00000000000001ef       0x3b build/kmain.o

.comment        0x0000000000000000       0x7e
 .comment       0x0000000000000000       0x7e build/hw.o
                                         0x7f (size before relaxing)
 .comment       0x000000000000007e       0x7f build/kernel.o
 .comment       0x000000000000007e       0x7f build/kheap.o
 .comment       0x000000000000007e       0x7f build/sched.o
 .comment       0x000000000000007e       0x7f build/syscall.o
 .comment       0x000000000000007e       0x7f build/uart.o
 .comment       0x000000000000007e       0x7f build/util.o
 .comment       0x000000000000007e       0x7f build/kmain.o

.debug_line     0x0000000000000000      0x8c6
 .debug_line    0x0000000000000000       0x4e build/asm_tools.o
 .debug_line    0x000000000000004e      0x118 build/hw.o
 .debug_line    0x0000000000000166       0xd0 build/init.o
 .debug_line    0x0000000000000236       0xc4 build/kernel.o
 .debug_line    0x00000000000002fa      0x11a build/kheap.o
 .debug_line    0x0000000000000414      0x176 build/sched.o
 .debug_line    0x000000000000058a       0xfb build/syscall.o
 .debug_line    0x0000000000000685       0xf9 build/uart.o
 .debug_line    0x000000000000077e       0x51 build/util.o
 .debug_line    0x00000000000007cf       0xf7 build/kmain.o

.debug_info     0x0000000000000000     0x1335
 .debug_info    0x0000000000000000       0x26 build/asm_tools.o
 .debug_info    0x0000000000000026      0x2a1 build/hw.o
 .debug_info    0x00000000000002c7       0x26 build/init.o
 .debug_info    0x00000000000002ed       0xf6 build/kernel.o
 .debug_info    0x00000000000003e3      0x2cc build/kheap.o
 .debug_info    0x00000000000006af      0x46b build/sched.o
 .debug_info    0x0000000000000b1a      0x361 build/syscall.o
 .debug_info    0x0000000000000e7b      0x266 build/uart.o
 .debug_info    0x00000000000010e1       0xb6 build/util.o
 .debug_info    0x0000000000001197      0x19e build/kmain.o

.debug_abbrev   0x0000000000000000      0x8b1
 .debug_abbrev  0x0000000000000000       0x14 build/asm_tools.o
 .debug_abbrev  0x0000000000000014      0x155 build/hw.o
 .debug_abbrev  0x0000000000000169       0x14 build/init.o
 .debug_abbrev  0x000000000000017d       0x5e build/kernel.o
 .debug_abbrev  0x00000000000001db      0x154 build/kheap.o
 .debug_abbrev  0x000000000000032f      0x1a1 build/sched.o
 .debug_abbrev  0x00000000000004d0      0x16d build/syscall.o
 .debug_abbrev  0x000000000000063d      0x117 build/uart.o
 .debug_abbrev  0x0000000000000754       0x6d build/util.o
 .debug_abbrev  0x00000000000007c1       0xf0 build/kmain.o

.debug_aranges  0x0000000000000000      0x140
 .debug_aranges
                0x0000000000000000       0x20 build/asm_tools.o
 .debug_aranges
                0x0000000000000020       0x20 build/hw.o
 .debug_aranges
                0x0000000000000040       0x20 build/init.o
 .debug_aranges
                0x0000000000000060       0x20 build/kernel.o
 .debug_aranges
                0x0000000000000080       0x20 build/kheap.o
 .debug_aranges
                0x00000000000000a0       0x20 build/sched.o
 .debug_aranges
                0x00000000000000c0       0x20 build/syscall.o
 .debug_aranges
                0x00000000000000e0       0x20 build/uart.o
 .debug_aranges
                0x0000000000000100       0x20 build/util.o
 .debug_aranges
                0x0000000000000120       0x20 build/kmain.o

.debug_str      0x0000000000000000      0x701
 .debug_str     0x0000000000000000       0x48 build/asm_tools.o
 .debug_str     0x0000000000000048      0x210 build/hw.o
                                        0x275 (size before relaxing)
 .debug_str     0x0000000000000258        0xb build/init.o
                                         0x43 (size before relaxing)
 .debug_str     0x0000000000000263       0xb2 build/kernel.o
                                        0x214 (size before relaxing)
 .debug_str     0x0000000000000315      0x10e build/kheap.o
                                        0x296 (size before relaxing)
 .debug_str     0x0000000000000423      0x16c build/sched.o
                                        0x3c3 (size before relaxing)
 .debug_str     0x000000000000058f       0x5c build/syscall.o
                                        0x2bd (size before relaxing)
 .debug_str     0x00000000000005eb       0xb7 build/uart.o
                                        0x215 (size before relaxing)
 .debug_str     0x00000000000006a2       0x26 build/util.o
                                        0x184 (size before relaxing)
 .debug_str     0x00000000000006c8       0x39 build/kmain.o
                                        0x242 (size before relaxing)

.debug_frame    0x0000000000000000      0x5d4
 .debug_frame   0x0000000000000000      0x178 build/hw.o
 .debug_frame   0x0000000000000178       0x28 build/kernel.o
 .debug_frame   0x00000000000001a0       0xa0 build/kheap.o
 .debug_frame   0x0000000000000240      0x164 build/sched.o
 .debug_frame   0x00000000000003a4       0xd8 build/syscall.o
 .debug_frame   0x000000000000047c       0xb4 build/uart.o
 .debug_frame   0x0000000000000530       0x28 build/util.o
 .debug_frame   0x0000000000000558       0x7c build/kmain.o
