
Memory Configuration

Name             Origin             Length             Attributes
*default*        0x0000000000000000 0xffffffffffffffff

Linker script and memory map

LOAD build/init.o
LOAD build/kmain.o
                0x0000000000008000                . = 0x8000
                0x0000000000008000                __start = .
                0x0000000000008000                __text_start = .

.text           0x0000000000008000      0x15c
 *(.text.boot)
 .text.boot     0x0000000000008000       0x60 build/init.o
                0x0000000000008000                _start
 *(.text)
 .text          0x0000000000008060        0x0 build/init.o
 .text          0x0000000000008060       0xfc build/kmain.o
                0x0000000000008060                uart_init
                0x00000000000080d4                uart_putc
                0x00000000000080f0                uart_getc
                0x0000000000008110                uart_puts
                0x0000000000008138                kernel_main

.glue_7         0x000000000000815c        0x0
 .glue_7        0x000000000000815c        0x0 linker stubs

.glue_7t        0x000000000000815c        0x0
 .glue_7t       0x000000000000815c        0x0 linker stubs

.vfp11_veneer   0x000000000000815c        0x0
 .vfp11_veneer  0x000000000000815c        0x0 linker stubs

.v4_bx          0x000000000000815c        0x0
 .v4_bx         0x000000000000815c        0x0 linker stubs

.iplt           0x000000000000815c        0x0
 .iplt          0x000000000000815c        0x0 build/init.o

.rel.dyn        0x000000000000815c        0x0
 .rel.iplt      0x000000000000815c        0x0 build/init.o
                0x0000000000009000                . = ALIGN (0x1000)
                0x0000000000009000                __text_end = .
                0x0000000000009000                __rodata_start = .

.rodata
 *(.rodata)

.rodata.str1.4  0x0000000000009000        0x8
 .rodata.str1.4
                0x0000000000009000        0x8 build/kmain.o
                                          0x7 (size before relaxing)
                0x000000000000a000                . = ALIGN (0x1000)
                0x000000000000a000                __rodata_end = .
                0x000000000000a000                __data_start = .

.data           0x000000000000a000        0x0
 *(.data)
 .data          0x000000000000a000        0x0 build/init.o
 .data          0x000000000000a000        0x0 build/kmain.o

.igot.plt       0x000000000000a000        0x0
 .igot.plt      0x000000000000a000        0x0 build/init.o
                0x000000000000a000                . = ALIGN (0x1000)
                0x000000000000a000                __data_end = .
                0x000000000000a000                __bss_start = .

.bss            0x000000000000a000        0x0
                0x000000000000a000                bss = .
 *(.bss)
 .bss           0x000000000000a000        0x0 build/init.o
 .bss           0x000000000000a000        0x0 build/kmain.o
                0x000000000000a000                . = ALIGN (0x1000)
                0x000000000000a000                __bss_end = .
                0x000000000000a000                __end = .
OUTPUT(build/kernel.elf elf32-littlearm)

.ARM.attributes
                0x0000000000000000       0x37
 .ARM.attributes
                0x0000000000000000       0x29 build/init.o
 .ARM.attributes
                0x0000000000000029       0x3b build/kmain.o

.comment        0x0000000000000000       0x7e
 .comment       0x0000000000000000       0x7e build/kmain.o
                                         0x7f (size before relaxing)

.debug_line     0x0000000000000000      0x168
 .debug_line    0x0000000000000000       0x55 build/init.o
 .debug_line    0x0000000000000055      0x113 build/kmain.o

.debug_info     0x0000000000000000      0x50e
 .debug_info    0x0000000000000000       0x26 build/init.o
 .debug_info    0x0000000000000026      0x4e8 build/kmain.o

.debug_abbrev   0x0000000000000000      0x198
 .debug_abbrev  0x0000000000000000       0x14 build/init.o
 .debug_abbrev  0x0000000000000014      0x184 build/kmain.o

.debug_aranges  0x0000000000000000       0x40
 .debug_aranges
                0x0000000000000000       0x20 build/init.o
 .debug_aranges
                0x0000000000000020       0x20 build/kmain.o

.debug_str      0x0000000000000000      0x289
 .debug_str     0x0000000000000000       0x48 build/init.o
 .debug_str     0x0000000000000048      0x241 build/kmain.o
                                        0x2b0 (size before relaxing)

.debug_loc      0x0000000000000000      0x337
 .debug_loc     0x0000000000000000      0x337 build/kmain.o

.debug_ranges   0x0000000000000000       0x58
 .debug_ranges  0x0000000000000000       0x58 build/kmain.o

.debug_frame    0x0000000000000000       0x70
 .debug_frame   0x0000000000000000       0x70 build/kmain.o
