
Allocating common symbols
Common symbol       size              file

kernel_heap_limit   0x4               build/kheap.o
kmain_process       0x60              build/sched.o
kernel_heap_top     0x4               build/kheap.o
nprocess            0x4               build/sched.o
current_process     0x4               build/sched.o
uart_error          0x4               build/uart.o

Memory Configuration

Name             Origin             Length             Attributes
RAM              0x0000000000008000 0x000000001fff8000
PERIPHERALS      0x0000000020000000 0x0000000000ffffff
*default*        0x0000000000000000 0xffffffffffffffff

Linker script and memory map

LOAD build/asm_tools.o
LOAD build/hw.o
LOAD build/init.o
LOAD build/kheap.o
LOAD build/pwm.o
LOAD build/sched.o
LOAD build/syscall.o
LOAD build/uart.o
LOAD build/util.o
LOAD build/kmain.o
                0x0000000000000200                KERNEL_STACK_SIZE = 0x200
                0x0000000000000200                SYS_STACK_SIZE = 0x200
                0x0000000000000200                IRQ_STACK_SIZE = 0x200
                0x0000000000100000                USER_STACKS_SIZE = 0x100000

.text           0x0000000000008000     0x195c
 build/init.o(.text*)
 .text          0x0000000000008000       0xc4 build/init.o
                0x0000000000008000                _start
 *(.text*)
 .text          0x00000000000080c4       0x48 build/asm_tools.o
                0x00000000000080c4                Set32
                0x00000000000080cc                Get32
                0x00000000000080d4                delay
                0x00000000000080e8                memory_barrier
                0x0000000000008100                invalidate_cache
 .text          0x000000000000810c      0x3d0 build/hw.o
                0x000000000000810c                divide
                0x0000000000008174                get_date_ms
                0x0000000000008198                set_date_ms
                0x0000000000008234                set_next_tick
                0x0000000000008290                set_next_tick_default
                0x00000000000082e0                timer_init
                0x0000000000008310                led_on
                0x0000000000008350                led_off
                0x0000000000008390                led_switch
                0x00000000000083c0                led_status
                0x00000000000083d4                led_init
                0x000000000000840c                led_blink
                0x00000000000084a4                hw_init
                0x00000000000084b8                terminate_kernel
 .text          0x00000000000084dc      0x368 build/kheap.o
                0x00000000000084dc                aligned_value
                0x0000000000008528                kAlloc_aligned
                0x00000000000086dc                kAlloc
                0x00000000000087c8                kFree
                0x0000000000008814                kheap_init
 .text          0x0000000000008844      0x230 build/pwm.o
                0x00000000000089e4                audio_test
 .text          0x0000000000008a74      0x5d4 build/sched.o
                0x0000000000008a74                sched_init
                0x0000000000008ae4                sys_yieldto
                0x0000000000008b0c                do_sys_yieldto
                0x0000000000008c40                elect
                0x0000000000008cd0                sys_yield
                0x0000000000008ce4                do_sys_yield
                0x0000000000008d10                context_to_pcb
                0x0000000000008db0                pcb_to_context
                0x0000000000008e60                sys_exit
                0x0000000000008e8c                do_sys_exit
                0x0000000000008edc                free_pcb
                0x0000000000008f00                start_current_process
                0x0000000000008f28                create_process
                0x0000000000009044                irq_handler
 .text          0x0000000000009048      0x258 build/syscall.o
                0x0000000000009048                sys_reboot
                0x000000000000905c                do_sys_reboot
                0x0000000000009068                sys_nop
                0x000000000000907c                do_sys_nop
                0x0000000000009084                sys_settime
                0x00000000000090d8                do_sys_settime
                0x000000000000913c                sys_gettime
                0x000000000000919c                do_sys_gettime
                0x00000000000091f8                swi_handler
 .text          0x00000000000092a0      0x640 build/uart.o
                0x00000000000092a0                uart_init
                0x00000000000093c0                uart_send_str
                0x0000000000009458                uart_send_int
                0x0000000000009628                uart_receive_str
                0x0000000000009704                uart_receive_int
                0x00000000000098ac                uart_is_receive_fifo_empty
 .text          0x00000000000098e0       0x10 build/util.o
                0x00000000000098e0                kernel_panic
 .text          0x00000000000098f0       0x6c build/kmain.o
                0x00000000000098f0                user_process
                0x0000000000009914                kmain
                0x000000000000995c                __bss_start = .

.glue_7         0x000000000000995c        0x0
 .glue_7        0x000000000000995c        0x0 linker stubs

.glue_7t        0x000000000000995c        0x0
 .glue_7t       0x000000000000995c        0x0 linker stubs

.vfp11_veneer   0x000000000000995c        0x0
 .vfp11_veneer  0x000000000000995c        0x0 linker stubs

.v4_bx          0x000000000000995c        0x0
 .v4_bx         0x000000000000995c        0x0 linker stubs

.iplt           0x000000000000995c        0x0
 .iplt          0x000000000000995c        0x0 build/asm_tools.o

.bss            0x000000000000995c       0x7c
 *(.bss*)
 .bss           0x000000000000995c        0x0 build/asm_tools.o
 .bss           0x000000000000995c        0x4 build/hw.o
 .bss           0x0000000000009960        0x0 build/init.o
 .bss           0x0000000000009960        0x4 build/kheap.o
                0x0000000000009960                freelist
 .bss           0x0000000000009964        0x0 build/pwm.o
 .bss           0x0000000000009964        0x0 build/sched.o
 .bss           0x0000000000009964        0x0 build/syscall.o
 .bss           0x0000000000009964        0x0 build/uart.o
 .bss           0x0000000000009964        0x0 build/util.o
 .bss           0x0000000000009964        0x0 build/kmain.o
 COMMON         0x0000000000009964        0x8 build/kheap.o
                0x0000000000009964                kernel_heap_limit
                0x0000000000009968                kernel_heap_top
 COMMON         0x000000000000996c       0x68 build/sched.o
                0x000000000000996c                kmain_process
                0x00000000000099cc                nprocess
                0x00000000000099d0                current_process
 COMMON         0x00000000000099d4        0x4 build/uart.o
                0x00000000000099d4                uart_error
                0x00000000000099d8                __bss_end__ = .
                0x00000000000099d8                __rodata_start__ = .

.rodata         0x00000000000099d8       0x50
 *(.rodata*)
 .rodata        0x00000000000099d8       0x15 build/hw.o
 *fill*         0x00000000000099ed        0x3 
 .rodata        0x00000000000099f0        0xe build/syscall.o
 *fill*         0x00000000000099fe        0x2 
 .rodata        0x0000000000009a00       0x28 build/uart.o
                0x0000000000009a28                __rodata_end__ = .
                0x0000000000009a28                __data_start__ = .

.rel.dyn        0x0000000000009a28        0x0
 .rel.iplt      0x0000000000009a28        0x0 build/asm_tools.o

.data           0x0000000000009a28        0xc
 *(.data)
 .data          0x0000000000009a28        0x0 build/asm_tools.o
 .data          0x0000000000009a28        0x0 build/hw.o
 .data          0x0000000000009a28        0x0 build/init.o
 .data          0x0000000000009a28        0x0 build/kheap.o
 .data          0x0000000000009a28        0xc build/pwm.o
 .data          0x0000000000009a34        0x0 build/sched.o
 .data          0x0000000000009a34        0x0 build/syscall.o
 .data          0x0000000000009a34        0x0 build/uart.o
 .data          0x0000000000009a34        0x0 build/util.o
 .data          0x0000000000009a34        0x0 build/kmain.o
                0x0000000000009a34                __data_end__ = .

.igot.plt       0x0000000000009a34        0x0
 .igot.plt      0x0000000000009a34        0x0 build/asm_tools.o

.stack          0x0000000000009a34      0x600
                0x0000000000009a34                __stack_start__ = .
                0x0000000000009c34                . = (. + KERNEL_STACK_SIZE)
 *fill*         0x0000000000009a34      0x200 
                0x0000000000009c34                . = ALIGN (0x4)
                0x0000000000009c34                __svc_stack_end__ = .
                0x0000000000009e34                . = (. + SYS_STACK_SIZE)
 *fill*         0x0000000000009c34      0x200 
                0x0000000000009e34                . = ALIGN (0x4)
                0x0000000000009e34                __sys_stack_end__ = .
                0x000000000000a034                . = (. + IRQ_STACK_SIZE)
 *fill*         0x0000000000009e34      0x200 
                0x000000000000a034                . = ALIGN (0x4)
                0x000000000000a034                __irq_stack_end__ = .
                0x000000000000a034                __stacks_end__ = .
                0x000000000000b000                . = ALIGN (0x1000)
                0x000000000000b000                __kernel_heap_start__ = .
                0x0000000000ffffff                . = 0xffffff
                0x0000000000ffffff                __kernel_heap_end__ = .
                0x0000000001000000                . = ALIGN (0x1000)
                0x0000000001000000                __after_kernel_heap__ = .
                0x0000000020000000                . = 0x20000000

.devices        0x0000000020000000   0xffffff
                0x0000000020000000                __devices_start__ = .
                0x0000000020ffffff                . = (. + 0xffffff)
 *fill*         0x0000000020000000   0xffffff 
                0x0000000020ffffff                __devices_end__ = .
OUTPUT(build/kernel.elf elf32-littlearm)

.ARM.attributes
                0x0000000000000000       0x34
 .ARM.attributes
                0x0000000000000000       0x26 build/asm_tools.o
 .ARM.attributes
                0x0000000000000026       0x38 build/hw.o
 .ARM.attributes
                0x000000000000005e       0x26 build/init.o
 .ARM.attributes
                0x0000000000000084       0x38 build/kheap.o
 .ARM.attributes
                0x00000000000000bc       0x38 build/pwm.o
 .ARM.attributes
                0x00000000000000f4       0x38 build/sched.o
 .ARM.attributes
                0x000000000000012c       0x38 build/syscall.o
 .ARM.attributes
                0x0000000000000164       0x38 build/uart.o
 .ARM.attributes
                0x000000000000019c       0x38 build/util.o
 .ARM.attributes
                0x00000000000001d4       0x38 build/kmain.o

.comment        0x0000000000000000       0x11
 .comment       0x0000000000000000       0x11 build/hw.o
                                         0x12 (size before relaxing)
 .comment       0x0000000000000011       0x12 build/kheap.o
 .comment       0x0000000000000011       0x12 build/pwm.o
 .comment       0x0000000000000011       0x12 build/sched.o
 .comment       0x0000000000000011       0x12 build/syscall.o
 .comment       0x0000000000000011       0x12 build/uart.o
 .comment       0x0000000000000011       0x12 build/util.o
 .comment       0x0000000000000011       0x12 build/kmain.o

.debug_line     0x0000000000000000      0x721
 .debug_line    0x0000000000000000       0x4e build/asm_tools.o
 .debug_line    0x000000000000004e       0xe7 build/hw.o
 .debug_line    0x0000000000000135       0x67 build/init.o
 .debug_line    0x000000000000019c       0xf2 build/kheap.o
 .debug_line    0x000000000000028e       0x7b build/pwm.o
 .debug_line    0x0000000000000309      0x132 build/sched.o
 .debug_line    0x000000000000043b       0xcc build/syscall.o
 .debug_line    0x0000000000000507       0xf7 build/uart.o
 .debug_line    0x00000000000005fe       0x3d build/util.o
 .debug_line    0x000000000000063b       0xe6 build/kmain.o

.debug_info     0x0000000000000000     0x12e2
 .debug_info    0x0000000000000000       0x26 build/asm_tools.o
 .debug_info    0x0000000000000026      0x29a build/hw.o
 .debug_info    0x00000000000002c0       0x26 build/init.o
 .debug_info    0x00000000000002e6      0x28b build/kheap.o
 .debug_info    0x0000000000000571      0x13a build/pwm.o
 .debug_info    0x00000000000006ab      0x3fc build/sched.o
 .debug_info    0x0000000000000aa7      0x35e build/syscall.o
 .debug_info    0x0000000000000e05      0x266 build/uart.o
 .debug_info    0x000000000000106b       0xab build/util.o
 .debug_info    0x0000000000001116      0x1cc build/kmain.o

.debug_abbrev   0x0000000000000000      0x872
 .debug_abbrev  0x0000000000000000       0x14 build/asm_tools.o
 .debug_abbrev  0x0000000000000014      0x146 build/hw.o
 .debug_abbrev  0x000000000000015a       0x14 build/init.o
 .debug_abbrev  0x000000000000016e      0x12d build/kheap.o
 .debug_abbrev  0x000000000000029b       0xaf build/pwm.o
 .debug_abbrev  0x000000000000034a      0x18e build/sched.o
 .debug_abbrev  0x00000000000004d8      0x15a build/syscall.o
 .debug_abbrev  0x0000000000000632      0x10a build/uart.o
 .debug_abbrev  0x000000000000073c       0x5c build/util.o
 .debug_abbrev  0x0000000000000798       0xda build/kmain.o

.debug_aranges  0x0000000000000000      0x140
 .debug_aranges
                0x0000000000000000       0x20 build/asm_tools.o
 .debug_aranges
                0x0000000000000020       0x20 build/hw.o
 .debug_aranges
                0x0000000000000040       0x20 build/init.o
 .debug_aranges
                0x0000000000000060       0x20 build/kheap.o
 .debug_aranges
                0x0000000000000080       0x20 build/pwm.o
 .debug_aranges
                0x00000000000000a0       0x20 build/sched.o
 .debug_aranges
                0x00000000000000c0       0x20 build/syscall.o
 .debug_aranges
                0x00000000000000e0       0x20 build/uart.o
 .debug_aranges
                0x0000000000000100       0x20 build/util.o
 .debug_aranges
                0x0000000000000120       0x20 build/kmain.o

.debug_str      0x0000000000000000      0x62e
 .debug_str     0x0000000000000000       0x47 build/asm_tools.o
 .debug_str     0x0000000000000047      0x1b9 build/hw.o
                                        0x21e (size before relaxing)
 .debug_str     0x0000000000000200        0xb build/init.o
                                         0x42 (size before relaxing)
 .debug_str     0x000000000000020b       0xe5 build/kheap.o
                                        0x1f7 (size before relaxing)
 .debug_str     0x00000000000002f0       0x36 build/pwm.o
                                        0x13f (size before relaxing)
 .debug_str     0x0000000000000326      0x175 build/sched.o
                                        0x2d6 (size before relaxing)
 .debug_str     0x000000000000049b       0x5c build/syscall.o
                                        0x26f (size before relaxing)
 .debug_str     0x00000000000004f7       0xc2 build/uart.o
                                        0x1d2 (size before relaxing)
 .debug_str     0x00000000000005b9       0x26 build/util.o
                                        0x12d (size before relaxing)
 .debug_str     0x00000000000005df       0x4f build/kmain.o
                                        0x1d4 (size before relaxing)

.debug_frame    0x0000000000000000      0x5b8
 .debug_frame   0x0000000000000000      0x170 build/hw.o
 .debug_frame   0x0000000000000170       0x9c build/kheap.o
 .debug_frame   0x000000000000020c       0x60 build/pwm.o
 .debug_frame   0x000000000000026c      0x160 build/sched.o
 .debug_frame   0x00000000000003cc       0xd8 build/syscall.o
 .debug_frame   0x00000000000004a4       0xb0 build/uart.o
 .debug_frame   0x0000000000000554       0x24 build/util.o
 .debug_frame   0x0000000000000578       0x40 build/kmain.o
