
Allocating common symbols
Common symbol       size              file

p2                  0x4               build/kmain.o
kernel_heap_limit   0x4               build/kheap.o
kmain_process       0x5c              build/sched.o
p1                  0x4               build/kmain.o
n_process           0x4               build/sched.o
kernel_heap_top     0x4               build/kheap.o
current_process     0x4               build/sched.o
uart_error          0x4               build/uart.o

Memory Configuration

Name             Origin             Length             Attributes
RAM              0x0000000000008000 0x000000001fff8000
PERIPHERALS      0x0000000020000000 0x0000000000ffffff
*default*        0x0000000000000000 0xffffffffffffffff

Linker script and memory map

LOAD build/asm_tools.o
LOAD build/hw.o
LOAD build/init.o
LOAD build/kheap.o
LOAD build/pwm.o
LOAD build/sched.o
LOAD build/syscall.o
LOAD build/uart.o
LOAD build/util.o
LOAD build/kmain.o
                0x0000000000000200                KERNEL_STACK_SIZE = 0x200
                0x0000000000000200                SYS_STACK_SIZE = 0x200
                0x0000000000000200                IRQ_STACK_SIZE = 0x200
                0x0000000000100000                USER_STACKS_SIZE = 0x100000

.text           0x0000000000008000     0x1b48
 build/init.o(.text*)
 .text          0x0000000000008000       0xc4 build/init.o
                0x0000000000008000                _start
 *(.text*)
 .text          0x00000000000080c4       0x48 build/asm_tools.o
                0x00000000000080c4                Set32
                0x00000000000080cc                Get32
                0x00000000000080d4                delay
                0x00000000000080e8                memory_barrier
                0x0000000000008100                invalidate_cache
 .text          0x000000000000810c      0x3d0 build/hw.o
                0x000000000000810c                divide
                0x0000000000008174                get_date_ms
                0x0000000000008198                set_date_ms
                0x0000000000008234                set_next_tick
                0x0000000000008290                set_next_tick_default
                0x00000000000082e0                timer_init
                0x0000000000008310                led_on
                0x0000000000008350                led_off
                0x0000000000008390                led_switch
                0x00000000000083c0                led_status
                0x00000000000083d4                led_init
                0x000000000000840c                led_blink
                0x00000000000084a4                hw_init
                0x00000000000084b8                terminate_kernel
 .text          0x00000000000084dc      0x368 build/kheap.o
                0x00000000000084dc                aligned_value
                0x0000000000008528                kAlloc_aligned
                0x00000000000086dc                kAlloc
                0x00000000000087c8                kFree
                0x0000000000008814                kheap_init
 .text          0x0000000000008844      0x230 build/pwm.o
                0x00000000000089e4                audio_test
 .text          0x0000000000008a74      0x650 build/sched.o
                0x0000000000008a74                sched_init
                0x0000000000008b34                sys_yieldto
                0x0000000000008b5c                do_sys_yieldto
                0x0000000000008cb8                elect
                0x0000000000008d60                sys_yield
                0x0000000000008d74                do_sys_yield
                0x0000000000008dc8                create_process
                0x0000000000008ed4                load_context_from_pcb
                0x0000000000008fb0                save_context_to_pcb
                0x0000000000009088                irq_handler
 .text          0x00000000000090c4      0x360 build/syscall.o
                0x00000000000090c4                sys_reboot
                0x00000000000090d8                do_sys_reboot
                0x00000000000090e4                sys_nop
                0x00000000000090f8                do_sys_nop
                0x0000000000009100                sys_settime
                0x0000000000009154                do_sys_settime
                0x00000000000091b8                sys_gettime
                0x0000000000009218                do_sys_gettime
                0x0000000000009274                sys_exit
                0x000000000000929c                do_sys_exit
                0x000000000000937c                swi_handler
 .text          0x0000000000009424      0x640 build/uart.o
                0x0000000000009424                uart_init
                0x0000000000009544                uart_send_str
                0x00000000000095dc                uart_send_int
                0x00000000000097ac                uart_receive_str
                0x0000000000009888                uart_receive_int
                0x0000000000009a30                uart_is_receive_fifo_empty
 .text          0x0000000000009a64       0x10 build/util.o
                0x0000000000009a64                kernel_panic
 .text          0x0000000000009a74       0xd4 build/kmain.o
                0x0000000000009a74                user_process_1
                0x0000000000009aa8                user_process_2
                0x0000000000009adc                kmain
                0x0000000000009b48                __bss_start = .

.glue_7         0x0000000000009b48        0x0
 .glue_7        0x0000000000009b48        0x0 linker stubs

.glue_7t        0x0000000000009b48        0x0
 .glue_7t       0x0000000000009b48        0x0 linker stubs

.vfp11_veneer   0x0000000000009b48        0x0
 .vfp11_veneer  0x0000000000009b48        0x0 linker stubs

.v4_bx          0x0000000000009b48        0x0
 .v4_bx         0x0000000000009b48        0x0 linker stubs

.iplt           0x0000000000009b48        0x0
 .iplt          0x0000000000009b48        0x0 build/asm_tools.o

.bss            0x0000000000009b48       0x84
 *(.bss*)
 .bss           0x0000000000009b48        0x0 build/asm_tools.o
 .bss           0x0000000000009b48        0x4 build/hw.o
 .bss           0x0000000000009b4c        0x0 build/init.o
 .bss           0x0000000000009b4c        0x4 build/kheap.o
                0x0000000000009b4c                freelist
 .bss           0x0000000000009b50        0x0 build/pwm.o
 .bss           0x0000000000009b50        0x4 build/sched.o
 .bss           0x0000000000009b54        0x0 build/syscall.o
 .bss           0x0000000000009b54        0x0 build/uart.o
 .bss           0x0000000000009b54        0x0 build/util.o
 .bss           0x0000000000009b54        0x0 build/kmain.o
 COMMON         0x0000000000009b54        0x8 build/kheap.o
                0x0000000000009b54                kernel_heap_limit
                0x0000000000009b58                kernel_heap_top
 COMMON         0x0000000000009b5c       0x64 build/sched.o
                0x0000000000009b5c                kmain_process
                0x0000000000009bb8                n_process
                0x0000000000009bbc                current_process
 COMMON         0x0000000000009bc0        0x4 build/uart.o
                0x0000000000009bc0                uart_error
 COMMON         0x0000000000009bc4        0x8 build/kmain.o
                0x0000000000009bc4                p2
                0x0000000000009bc8                p1
                0x0000000000009bcc                __bss_end__ = .
                0x0000000000009bcc                __rodata_start__ = .

.rodata         0x0000000000009bcc       0x8e
 *(.rodata*)
 .rodata        0x0000000000009bcc       0x15 build/hw.o
 *fill*         0x0000000000009be1        0x3 
 .rodata        0x0000000000009be4        0xe build/syscall.o
 *fill*         0x0000000000009bf2        0x2 
 .rodata        0x0000000000009bf4       0x28 build/uart.o
 .rodata        0x0000000000009c1c       0x3e build/kmain.o
                0x0000000000009c5a                __rodata_end__ = .
                0x0000000000009c5a                __data_start__ = .

.rel.dyn        0x0000000000009c5c        0x0
 .rel.iplt      0x0000000000009c5c        0x0 build/asm_tools.o

.data           0x0000000000009c5c        0xd
 *(.data)
 .data          0x0000000000009c5c        0x0 build/asm_tools.o
 .data          0x0000000000009c5c        0x0 build/hw.o
 .data          0x0000000000009c5c        0x0 build/init.o
 .data          0x0000000000009c5c        0x0 build/kheap.o
 .data          0x0000000000009c5c        0xc build/pwm.o
 .data          0x0000000000009c68        0x1 build/sched.o
                0x0000000000009c68                sched_policy
 .data          0x0000000000009c69        0x0 build/syscall.o
 .data          0x0000000000009c69        0x0 build/uart.o
 .data          0x0000000000009c69        0x0 build/util.o
 .data          0x0000000000009c69        0x0 build/kmain.o
                0x0000000000009c69                __data_end__ = .

.igot.plt       0x0000000000009c6c        0x0
 .igot.plt      0x0000000000009c6c        0x0 build/asm_tools.o

.stack          0x0000000000009c69      0x603
                0x0000000000009c69                __stack_start__ = .
                0x0000000000009e69                . = (. + KERNEL_STACK_SIZE)
 *fill*         0x0000000000009c69      0x200 
                0x0000000000009e6c                . = ALIGN (0x4)
 *fill*         0x0000000000009e69        0x3 
                0x0000000000009e6c                __svc_stack_end__ = .
                0x000000000000a06c                . = (. + SYS_STACK_SIZE)
 *fill*         0x0000000000009e6c      0x200 
                0x000000000000a06c                . = ALIGN (0x4)
                0x000000000000a06c                __sys_stack_end__ = .
                0x000000000000a26c                . = (. + IRQ_STACK_SIZE)
 *fill*         0x000000000000a06c      0x200 
                0x000000000000a26c                . = ALIGN (0x4)
                0x000000000000a26c                __irq_stack_end__ = .
                0x000000000000a26c                __stacks_end__ = .
                0x000000000000b000                . = ALIGN (0x1000)
                0x000000000000b000                __kernel_heap_start__ = .
                0x0000000000ffffff                . = 0xffffff
                0x0000000000ffffff                __kernel_heap_end__ = .
                0x0000000001000000                . = ALIGN (0x1000)
                0x0000000001000000                __after_kernel_heap__ = .
                0x0000000020000000                . = 0x20000000

.devices        0x0000000020000000   0xffffff
                0x0000000020000000                __devices_start__ = .
                0x0000000020ffffff                . = (. + 0xffffff)
 *fill*         0x0000000020000000   0xffffff 
                0x0000000020ffffff                __devices_end__ = .
OUTPUT(build/kernel.elf elf32-littlearm)

.ARM.attributes
                0x0000000000000000       0x34
 .ARM.attributes
                0x0000000000000000       0x26 build/asm_tools.o
 .ARM.attributes
                0x0000000000000026       0x38 build/hw.o
 .ARM.attributes
                0x000000000000005e       0x26 build/init.o
 .ARM.attributes
                0x0000000000000084       0x38 build/kheap.o
 .ARM.attributes
                0x00000000000000bc       0x38 build/pwm.o
 .ARM.attributes
                0x00000000000000f4       0x38 build/sched.o
 .ARM.attributes
                0x000000000000012c       0x38 build/syscall.o
 .ARM.attributes
                0x0000000000000164       0x38 build/uart.o
 .ARM.attributes
                0x000000000000019c       0x38 build/util.o
 .ARM.attributes
                0x00000000000001d4       0x38 build/kmain.o

.comment        0x0000000000000000       0x11
 .comment       0x0000000000000000       0x11 build/hw.o
                                         0x12 (size before relaxing)
 .comment       0x0000000000000011       0x12 build/kheap.o
 .comment       0x0000000000000011       0x12 build/pwm.o
 .comment       0x0000000000000011       0x12 build/sched.o
 .comment       0x0000000000000011       0x12 build/syscall.o
 .comment       0x0000000000000011       0x12 build/uart.o
 .comment       0x0000000000000011       0x12 build/util.o
 .comment       0x0000000000000011       0x12 build/kmain.o

.debug_line     0x0000000000000000      0x75f
 .debug_line    0x0000000000000000       0x4e build/asm_tools.o
 .debug_line    0x000000000000004e       0xe7 build/hw.o
 .debug_line    0x0000000000000135       0x67 build/init.o
 .debug_line    0x000000000000019c       0xf2 build/kheap.o
 .debug_line    0x000000000000028e       0x7b build/pwm.o
 .debug_line    0x0000000000000309      0x155 build/sched.o
 .debug_line    0x000000000000045e       0xeb build/syscall.o
 .debug_line    0x0000000000000549       0xf7 build/uart.o
 .debug_line    0x0000000000000640       0x3d build/util.o
 .debug_line    0x000000000000067d       0xe2 build/kmain.o

.debug_info     0x0000000000000000     0x1344
 .debug_info    0x0000000000000000       0x26 build/asm_tools.o
 .debug_info    0x0000000000000026      0x29a build/hw.o
 .debug_info    0x00000000000002c0       0x26 build/init.o
 .debug_info    0x00000000000002e6      0x28b build/kheap.o
 .debug_info    0x0000000000000571      0x13a build/pwm.o
 .debug_info    0x00000000000006ab      0x3fe build/sched.o
 .debug_info    0x0000000000000aa9      0x3b2 build/syscall.o
 .debug_info    0x0000000000000e5b      0x266 build/uart.o
 .debug_info    0x00000000000010c1       0xab build/util.o
 .debug_info    0x000000000000116c      0x1d8 build/kmain.o

.debug_abbrev   0x0000000000000000      0x8d2
 .debug_abbrev  0x0000000000000000       0x14 build/asm_tools.o
 .debug_abbrev  0x0000000000000014      0x146 build/hw.o
 .debug_abbrev  0x000000000000015a       0x14 build/init.o
 .debug_abbrev  0x000000000000016e      0x12d build/kheap.o
 .debug_abbrev  0x000000000000029b       0xaf build/pwm.o
 .debug_abbrev  0x000000000000034a      0x1c7 build/sched.o
 .debug_abbrev  0x0000000000000511      0x172 build/syscall.o
 .debug_abbrev  0x0000000000000683      0x10a build/uart.o
 .debug_abbrev  0x000000000000078d       0x5c build/util.o
 .debug_abbrev  0x00000000000007e9       0xe9 build/kmain.o

.debug_aranges  0x0000000000000000      0x140
 .debug_aranges
                0x0000000000000000       0x20 build/asm_tools.o
 .debug_aranges
                0x0000000000000020       0x20 build/hw.o
 .debug_aranges
                0x0000000000000040       0x20 build/init.o
 .debug_aranges
                0x0000000000000060       0x20 build/kheap.o
 .debug_aranges
                0x0000000000000080       0x20 build/pwm.o
 .debug_aranges
                0x00000000000000a0       0x20 build/sched.o
 .debug_aranges
                0x00000000000000c0       0x20 build/syscall.o
 .debug_aranges
                0x00000000000000e0       0x20 build/uart.o
 .debug_aranges
                0x0000000000000100       0x20 build/util.o
 .debug_aranges
                0x0000000000000120       0x20 build/kmain.o

.debug_str      0x0000000000000000      0x6a4
 .debug_str     0x0000000000000000       0x47 build/asm_tools.o
 .debug_str     0x0000000000000047      0x1b9 build/hw.o
                                        0x21e (size before relaxing)
 .debug_str     0x0000000000000200        0xb build/init.o
                                         0x42 (size before relaxing)
 .debug_str     0x000000000000020b       0xe5 build/kheap.o
                                        0x1f7 (size before relaxing)
 .debug_str     0x00000000000002f0       0x36 build/pwm.o
                                        0x13f (size before relaxing)
 .debug_str     0x0000000000000326      0x1c4 build/sched.o
                                        0x315 (size before relaxing)
 .debug_str     0x00000000000004ea       0x70 build/syscall.o
                                        0x29a (size before relaxing)
 .debug_str     0x000000000000055a       0xc2 build/uart.o
                                        0x1d2 (size before relaxing)
 .debug_str     0x000000000000061c       0x26 build/util.o
                                        0x12d (size before relaxing)
 .debug_str     0x0000000000000642       0x62 build/kmain.o
                                        0x1e3 (size before relaxing)

.debug_frame    0x0000000000000000      0x5d4
 .debug_frame   0x0000000000000000      0x170 build/hw.o
 .debug_frame   0x0000000000000170       0x9c build/kheap.o
 .debug_frame   0x000000000000020c       0x60 build/pwm.o
 .debug_frame   0x000000000000026c      0x130 build/sched.o
 .debug_frame   0x000000000000039c      0x10c build/syscall.o
 .debug_frame   0x00000000000004a8       0xb0 build/uart.o
 .debug_frame   0x0000000000000558       0x24 build/util.o
 .debug_frame   0x000000000000057c       0x58 build/kmain.o
