
Allocating common symbols
Common symbol       size              file

kernel_heap_limit   0x4               build/kheap.o
kmain_process       0x5c              build/sched.o
n_process           0x4               build/sched.o
kernel_heap_top     0x4               build/kheap.o
current_process     0x4               build/sched.o
uart_error          0x4               build/uart.o

Memory Configuration

Name             Origin             Length             Attributes
RAM              0x0000000000008000 0x000000001fff8000
PERIPHERALS      0x0000000020000000 0x0000000000ffffff
*default*        0x0000000000000000 0xffffffffffffffff

Linker script and memory map

LOAD build/asm_tools.o
LOAD build/hw.o
LOAD build/init.o
LOAD build/kheap.o
LOAD build/pwm.o
LOAD build/sched.o
LOAD build/syscall.o
LOAD build/uart.o
LOAD build/util.o
LOAD build/kmain.o
                0x0000000000000200                KERNEL_STACK_SIZE = 0x200
                0x0000000000000200                SYS_STACK_SIZE = 0x200
                0x0000000000000200                IRQ_STACK_SIZE = 0x200
                0x0000000000100000                USER_STACKS_SIZE = 0x100000

.text           0x0000000000008000     0x1afc
 build/init.o(.text*)
 .text          0x0000000000008000       0xc4 build/init.o
                0x0000000000008000                _start
 *(.text*)
 .text          0x00000000000080c4       0x48 build/asm_tools.o
                0x00000000000080c4                Set32
                0x00000000000080cc                Get32
                0x00000000000080d4                delay
                0x00000000000080e8                memory_barrier
                0x0000000000008100                invalidate_cache
 .text          0x000000000000810c      0x3d0 build/hw.o
                0x000000000000810c                divide
                0x0000000000008174                get_date_ms
                0x0000000000008198                set_date_ms
                0x0000000000008234                set_next_tick
                0x0000000000008290                set_next_tick_default
                0x00000000000082e0                timer_init
                0x0000000000008310                led_on
                0x0000000000008350                led_off
                0x0000000000008390                led_switch
                0x00000000000083c0                led_status
                0x00000000000083d4                led_init
                0x000000000000840c                led_blink
                0x00000000000084a4                hw_init
                0x00000000000084b8                terminate_kernel
 .text          0x00000000000084dc      0x368 build/kheap.o
                0x00000000000084dc                aligned_value
                0x0000000000008528                kAlloc_aligned
                0x00000000000086dc                kAlloc
                0x00000000000087c8                kFree
                0x0000000000008814                kheap_init
 .text          0x0000000000008844      0x230 build/pwm.o
                0x00000000000089e4                audio_test
 .text          0x0000000000008a74      0x64c build/sched.o
                0x0000000000008a74                sched_init
                0x0000000000008b34                sys_yieldto
                0x0000000000008b5c                do_sys_yieldto
                0x0000000000008cb8                elect
                0x0000000000008d60                sys_yield
                0x0000000000008d74                do_sys_yield
                0x0000000000008dc8                create_process
                0x0000000000008ed0                load_context_from_pcb
                0x0000000000008fac                save_context_to_pcb
                0x0000000000009084                irq_handler
 .text          0x00000000000090c0      0x360 build/syscall.o
                0x00000000000090c0                sys_reboot
                0x00000000000090d4                do_sys_reboot
                0x00000000000090e0                sys_nop
                0x00000000000090f4                do_sys_nop
                0x00000000000090fc                sys_settime
                0x0000000000009150                do_sys_settime
                0x00000000000091b4                sys_gettime
                0x0000000000009214                do_sys_gettime
                0x0000000000009270                sys_exit
                0x0000000000009298                do_sys_exit
                0x0000000000009378                swi_handler
 .text          0x0000000000009420      0x640 build/uart.o
                0x0000000000009420                uart_init
                0x0000000000009540                uart_send_str
                0x00000000000095d8                uart_send_int
                0x00000000000097a8                uart_receive_str
                0x0000000000009884                uart_receive_int
                0x0000000000009a2c                uart_is_receive_fifo_empty
 .text          0x0000000000009a60       0x10 build/util.o
                0x0000000000009a60                kernel_panic
 .text          0x0000000000009a70       0x8c build/kmain.o
                0x0000000000009a70                user_process
                0x0000000000009ab4                kmain
                0x0000000000009afc                __bss_start = .

.glue_7         0x0000000000009afc        0x0
 .glue_7        0x0000000000009afc        0x0 linker stubs

.glue_7t        0x0000000000009afc        0x0
 .glue_7t       0x0000000000009afc        0x0 linker stubs

.vfp11_veneer   0x0000000000009afc        0x0
 .vfp11_veneer  0x0000000000009afc        0x0 linker stubs

.v4_bx          0x0000000000009afc        0x0
 .v4_bx         0x0000000000009afc        0x0 linker stubs

.iplt           0x0000000000009afc        0x0
 .iplt          0x0000000000009afc        0x0 build/asm_tools.o

.bss            0x0000000000009afc       0x7c
 *(.bss*)
 .bss           0x0000000000009afc        0x0 build/asm_tools.o
 .bss           0x0000000000009afc        0x4 build/hw.o
 .bss           0x0000000000009b00        0x0 build/init.o
 .bss           0x0000000000009b00        0x4 build/kheap.o
                0x0000000000009b00                freelist
 .bss           0x0000000000009b04        0x0 build/pwm.o
 .bss           0x0000000000009b04        0x4 build/sched.o
 .bss           0x0000000000009b08        0x0 build/syscall.o
 .bss           0x0000000000009b08        0x0 build/uart.o
 .bss           0x0000000000009b08        0x0 build/util.o
 .bss           0x0000000000009b08        0x0 build/kmain.o
 COMMON         0x0000000000009b08        0x8 build/kheap.o
                0x0000000000009b08                kernel_heap_limit
                0x0000000000009b0c                kernel_heap_top
 COMMON         0x0000000000009b10       0x64 build/sched.o
                0x0000000000009b10                kmain_process
                0x0000000000009b6c                n_process
                0x0000000000009b70                current_process
 COMMON         0x0000000000009b74        0x4 build/uart.o
                0x0000000000009b74                uart_error
                0x0000000000009b78                __bss_end__ = .
                0x0000000000009b78                __rodata_start__ = .

.rodata         0x0000000000009b78       0x50
 *(.rodata*)
 .rodata        0x0000000000009b78       0x15 build/hw.o
 *fill*         0x0000000000009b8d        0x3 
 .rodata        0x0000000000009b90        0xe build/syscall.o
 *fill*         0x0000000000009b9e        0x2 
 .rodata        0x0000000000009ba0       0x28 build/uart.o
                0x0000000000009bc8                __rodata_end__ = .
                0x0000000000009bc8                __data_start__ = .

.rel.dyn        0x0000000000009bc8        0x0
 .rel.iplt      0x0000000000009bc8        0x0 build/asm_tools.o

.data           0x0000000000009bc8        0xd
 *(.data)
 .data          0x0000000000009bc8        0x0 build/asm_tools.o
 .data          0x0000000000009bc8        0x0 build/hw.o
 .data          0x0000000000009bc8        0x0 build/init.o
 .data          0x0000000000009bc8        0x0 build/kheap.o
 .data          0x0000000000009bc8        0xc build/pwm.o
 .data          0x0000000000009bd4        0x1 build/sched.o
                0x0000000000009bd4                sched_policy
 .data          0x0000000000009bd5        0x0 build/syscall.o
 .data          0x0000000000009bd5        0x0 build/uart.o
 .data          0x0000000000009bd5        0x0 build/util.o
 .data          0x0000000000009bd5        0x0 build/kmain.o
                0x0000000000009bd5                __data_end__ = .

.igot.plt       0x0000000000009bd8        0x0
 .igot.plt      0x0000000000009bd8        0x0 build/asm_tools.o

.stack          0x0000000000009bd5      0x603
                0x0000000000009bd5                __stack_start__ = .
                0x0000000000009dd5                . = (. + KERNEL_STACK_SIZE)
 *fill*         0x0000000000009bd5      0x200 
                0x0000000000009dd8                . = ALIGN (0x4)
 *fill*         0x0000000000009dd5        0x3 
                0x0000000000009dd8                __svc_stack_end__ = .
                0x0000000000009fd8                . = (. + SYS_STACK_SIZE)
 *fill*         0x0000000000009dd8      0x200 
                0x0000000000009fd8                . = ALIGN (0x4)
                0x0000000000009fd8                __sys_stack_end__ = .
                0x000000000000a1d8                . = (. + IRQ_STACK_SIZE)
 *fill*         0x0000000000009fd8      0x200 
                0x000000000000a1d8                . = ALIGN (0x4)
                0x000000000000a1d8                __irq_stack_end__ = .
                0x000000000000a1d8                __stacks_end__ = .
                0x000000000000b000                . = ALIGN (0x1000)
                0x000000000000b000                __kernel_heap_start__ = .
                0x0000000000ffffff                . = 0xffffff
                0x0000000000ffffff                __kernel_heap_end__ = .
                0x0000000001000000                . = ALIGN (0x1000)
                0x0000000001000000                __after_kernel_heap__ = .
                0x0000000020000000                . = 0x20000000

.devices        0x0000000020000000   0xffffff
                0x0000000020000000                __devices_start__ = .
                0x0000000020ffffff                . = (. + 0xffffff)
 *fill*         0x0000000020000000   0xffffff 
                0x0000000020ffffff                __devices_end__ = .
OUTPUT(build/kernel.elf elf32-littlearm)

.ARM.attributes
                0x0000000000000000       0x34
 .ARM.attributes
                0x0000000000000000       0x26 build/asm_tools.o
 .ARM.attributes
                0x0000000000000026       0x38 build/hw.o
 .ARM.attributes
                0x000000000000005e       0x26 build/init.o
 .ARM.attributes
                0x0000000000000084       0x38 build/kheap.o
 .ARM.attributes
                0x00000000000000bc       0x38 build/pwm.o
 .ARM.attributes
                0x00000000000000f4       0x38 build/sched.o
 .ARM.attributes
                0x000000000000012c       0x38 build/syscall.o
 .ARM.attributes
                0x0000000000000164       0x38 build/uart.o
 .ARM.attributes
                0x000000000000019c       0x38 build/util.o
 .ARM.attributes
                0x00000000000001d4       0x38 build/kmain.o

.comment        0x0000000000000000       0x6e
 .comment       0x0000000000000000       0x6e build/hw.o
                                         0x6f (size before relaxing)
 .comment       0x000000000000006e       0x6f build/kheap.o
 .comment       0x000000000000006e       0x6f build/pwm.o
 .comment       0x000000000000006e       0x6f build/sched.o
 .comment       0x000000000000006e       0x6f build/syscall.o
 .comment       0x000000000000006e       0x6f build/uart.o
 .comment       0x000000000000006e       0x6f build/util.o
 .comment       0x000000000000006e       0x6f build/kmain.o

.debug_line     0x0000000000000000      0x7cf
 .debug_line    0x0000000000000000       0x4e build/asm_tools.o
 .debug_line    0x000000000000004e      0x109 build/hw.o
 .debug_line    0x0000000000000157       0x67 build/init.o
 .debug_line    0x00000000000001be      0x114 build/kheap.o
 .debug_line    0x00000000000002d2       0x7b build/pwm.o
 .debug_line    0x000000000000034d      0x176 build/sched.o
 .debug_line    0x00000000000004c3      0x10d build/syscall.o
 .debug_line    0x00000000000005d0       0xf7 build/uart.o
 .debug_line    0x00000000000006c7       0x3d build/util.o
 .debug_line    0x0000000000000704       0xcb build/kmain.o

.debug_info     0x0000000000000000     0x1376
 .debug_info    0x0000000000000000       0x5d build/asm_tools.o
 .debug_info    0x000000000000005d      0x29a build/hw.o
 .debug_info    0x00000000000002f7       0x58 build/init.o
 .debug_info    0x000000000000034f      0x28b build/kheap.o
 .debug_info    0x00000000000005da      0x13a build/pwm.o
 .debug_info    0x0000000000000714      0x3fa build/sched.o
 .debug_info    0x0000000000000b0e      0x3b2 build/syscall.o
 .debug_info    0x0000000000000ec0      0x266 build/uart.o
 .debug_info    0x0000000000001126       0xab build/util.o
 .debug_info    0x00000000000011d1      0x1a5 build/kmain.o

.debug_abbrev   0x0000000000000000      0x8a7
 .debug_abbrev  0x0000000000000000       0x14 build/asm_tools.o
 .debug_abbrev  0x0000000000000014      0x146 build/hw.o
 .debug_abbrev  0x000000000000015a       0x14 build/init.o
 .debug_abbrev  0x000000000000016e      0x12d build/kheap.o
 .debug_abbrev  0x000000000000029b       0xaf build/pwm.o
 .debug_abbrev  0x000000000000034a      0x1ab build/sched.o
 .debug_abbrev  0x00000000000004f5      0x172 build/syscall.o
 .debug_abbrev  0x0000000000000667      0x10a build/uart.o
 .debug_abbrev  0x0000000000000771       0x5c build/util.o
 .debug_abbrev  0x00000000000007cd       0xda build/kmain.o

.debug_aranges  0x0000000000000000      0x140
 .debug_aranges
                0x0000000000000000       0x20 build/asm_tools.o
 .debug_aranges
                0x0000000000000020       0x20 build/hw.o
 .debug_aranges
                0x0000000000000040       0x20 build/init.o
 .debug_aranges
                0x0000000000000060       0x20 build/kheap.o
 .debug_aranges
                0x0000000000000080       0x20 build/pwm.o
 .debug_aranges
                0x00000000000000a0       0x20 build/sched.o
 .debug_aranges
                0x00000000000000c0       0x20 build/syscall.o
 .debug_aranges
                0x00000000000000e0       0x20 build/uart.o
 .debug_aranges
                0x0000000000000100       0x20 build/util.o
 .debug_aranges
                0x0000000000000120       0x20 build/kmain.o

.debug_str      0x0000000000000000      0x66d
 .debug_str     0x0000000000000000      0x21b build/hw.o
                                        0x257 (size before relaxing)
 .debug_str     0x000000000000021b       0xe5 build/kheap.o
                                        0x230 (size before relaxing)
 .debug_str     0x0000000000000300       0x36 build/pwm.o
                                        0x178 (size before relaxing)
 .debug_str     0x0000000000000336      0x1c4 build/sched.o
                                        0x34e (size before relaxing)
 .debug_str     0x00000000000004fa       0x70 build/syscall.o
                                        0x2d3 (size before relaxing)
 .debug_str     0x000000000000056a       0xc2 build/uart.o
                                        0x20b (size before relaxing)
 .debug_str     0x000000000000062c       0x26 build/util.o
                                        0x166 (size before relaxing)
 .debug_str     0x0000000000000652       0x1b build/kmain.o
                                        0x1d5 (size before relaxing)

.debug_frame    0x0000000000000000      0x5c0
 .debug_frame   0x0000000000000000      0x170 build/hw.o
 .debug_frame   0x0000000000000170       0x9c build/kheap.o
 .debug_frame   0x000000000000020c       0x60 build/pwm.o
 .debug_frame   0x000000000000026c      0x130 build/sched.o
 .debug_frame   0x000000000000039c      0x10c build/syscall.o
 .debug_frame   0x00000000000004a8       0xb0 build/uart.o
 .debug_frame   0x0000000000000558       0x24 build/util.o
 .debug_frame   0x000000000000057c       0x44 build/kmain.o
